<html>
<body>
<pre>
<h1>µVision Build Log</h1>
<h2>Tool Versions:</h2>
IDE-Version: µVision V5.17.0.0
Copyright (C) 2015 ARM Ltd and ARM Germany GmbH. All rights reserved.
License Information: Gavin GAunt, Gavin Gaunt, LIC=----
 
Tool Versions:
Toolchain:       MDK-Lite  Version: 5.17
Toolchain Path:  C:\Keil_v5\ARM\ARMCC\Bin
C Compiler:      Armcc.exe V5.06 update 1 (build 61)
Assembler:       Armasm.exe V5.06 update 1 (build 61)
Linker/Locator:  ArmLink.exe V5.06 update 1 (build 61)
Library Manager: ArmAr.exe V5.06 update 1 (build 61)
Hex Converter:   FromElf.exe V5.06 update 1 (build 61)
CPU DLL:         SARMCM3.DLL V5.17
Dialog DLL:      DARMCM1.DLL V1.12.0.0
Target DLL:      UL2CM3.DLL V1.156.1.0
Dialog DLL:      TARMCM1.DLL V1.9.0.0
 
<h2>Project:</h2>
Z:\Documents\TempSensors\NodeCode\TN005stage\TN005.uvprojx
Project File Date:  03/10/2017

<h2>Output:</h2>
*** Using Compiler 'V5.06 update 1 (build 61)', folder: 'C:\Keil_v5\ARM\ARMCC\Bin'
Rebuild target 'NRF_51822'
compiling main.c...
compiling micro_esb.c...
compiling twi_hw_master.c...
assembling arm_startup_nrf51.s...
compiling system_nrf51.c...
compiling nrf_delay.c...
linking...
Program Size: Code=4424 RO-data=268 RW-data=72 ZI-data=2896  
FromELF: creating hex file...
".\Objects\TN005.axf" - 0 Error(s), 0 Warning(s).

<h2>Software Packages used:</h2>

Package Vendor: ARM
                http://www.keil.com/pack/ARM.CMSIS.4.5.0.pack
                ARM::CMSIS:CORE:4.3.0
                CMSIS (Cortex Microcontroller Software Interface Standard)
   * Component: CORE Version: 4.3.0

Package Vendor: NordicSemiconductor
                http://developer.nordicsemi.com/nRF51_SDK/pieces/nRF_DeviceFamilyPack/NordicSemiconductor.nRF_DeviceFamilyPack.8.3.2.pack
                NordicSemiconductor::Device:Startup:8.3.2
                Nordic Semiconductor nRF ARM devices Device Family Pack.
   * Component: Startup Version: 8.3.2

Package Vendor: NordicSemiconductor
                http://developer.nordicsemi.com/nRF51_SDK/pieces/nRF_Drivers/NordicSemiconductor.nRF_Drivers.4.0.0-2.alpha.pack
                NordicSemiconductor::nRF_Drivers:nrf_delay:4.0.0-2.alpha
                Drivers for Nordic Semiconductor nRF family.
   * Component: nrf_delay Version: 4.0.0-2.alpha
   * Component: nrf_gpio Version: 4.0.0-2.alpha

<h2>Collection of Component include folders:</h2>
  Z:\Documents\TempSensors\NodeCode\TN005stage\RTE
  C:\Keil_v5\ARM\PACK\ARM\CMSIS\4.5.0\CMSIS\Include
  C:\Keil_v5\ARM\PACK\NordicSemiconductor\nRF_DeviceFamilyPack\8.3.2\Device\Include
  C:\Keil_v5\ARM\PACK\NordicSemiconductor\nRF_Drivers\4.0.0-2.alpha\delay
  C:\Keil_v5\ARM\PACK\NordicSemiconductor\nRF_Drivers\4.0.0-2.alpha\hal

<h2>Collection of Component Files used:</h2>

   * Component: ARM::CMSIS:CORE:4.3.0

   * Component: NordicSemiconductor::Device:Startup:8.3.2
      Include file:  Device\Include\system_nrf51.h
      Source file:   Device\Source\arm\arm_startup_nrf51.s
      Source file:   Device\Source\system_nrf51.c

   * Component: NordicSemiconductor::nRF_Drivers:nrf_delay:4.0.0-2.alpha
      Source file:   delay\nrf_delay.c
      Include file:  delay\nrf_delay.h

   * Component: NordicSemiconductor::nRF_Drivers:nrf_gpio:4.0.0-2.alpha
      Include file:  hal\nrf_gpio.h
Build Time Elapsed:  00:00:03
</pre>
</body>
</html>
