Component: ARM Compiler 5.06 update 1 (build 61) Tool: armlink [4d35a8]

==============================================================================

Section Cross References

    main.o(i.GPIOTE_IRQHandler) refers to main.o(.data) for .data
    main.o(i.RTC1_IRQHandler) refers to main.o(.data) for .data
    main.o(i.main) refers to main.o(i.nrf_gpio_cfg_sense_input) for nrf_gpio_cfg_sense_input
    main.o(i.main) refers to micro_esb.o(i.uesb_set_tx_power) for uesb_set_tx_power
    main.o(i.main) refers to memcpya.o(.text) for __aeabi_memcpy4
    main.o(i.main) refers to micro_esb.o(i.uesb_init) for uesb_init
    main.o(i.main) refers to micro_esb.o(i.uesb_set_address) for uesb_set_address
    main.o(i.main) refers to twi_hw_master.o(i.twi_master_init) for twi_master_init
    main.o(i.main) refers to twi_hw_master.o(i.twi_master_transfer) for twi_master_transfer
    main.o(i.main) refers to micro_esb.o(i.uesb_write_tx_payload) for uesb_write_tx_payload
    main.o(i.main) refers to nrf_delay.o(i.nrf_delay_ms) for nrf_delay_ms
    main.o(i.main) refers to main.o(i.nrf_gpio_cfg_input) for nrf_gpio_cfg_input
    main.o(i.main) refers to main.o(.constdata) for .constdata
    main.o(i.main) refers to main.o(i.uesb_event_handler) for uesb_event_handler
    main.o(i.main) refers to main.o(.bss) for .bss
    main.o(i.main) refers to main.o(.data) for .data
    main.o(i.nrf_gpio_cfg_input) refers to main.o(i.nrf_gpio_cfg) for nrf_gpio_cfg
    main.o(i.nrf_gpio_cfg_sense_input) refers to main.o(i.nrf_gpio_cfg) for nrf_gpio_cfg
    main.o(i.uesb_event_handler) refers to micro_esb.o(i.uesb_get_clear_interrupts) for uesb_get_clear_interrupts
    main.o(i.uesb_event_handler) refers to nrf_delay.o(i.nrf_delay_ms) for nrf_delay_ms
    main.o(i.uesb_event_handler) refers to micro_esb.o(i.uesb_flush_tx) for uesb_flush_tx
    main.o(i.uesb_event_handler) refers to micro_esb.o(i.uesb_read_rx_payload) for uesb_read_rx_payload
    main.o(i.uesb_event_handler) refers to micro_esb.o(i.uesb_get_tx_attempts) for uesb_get_tx_attempts
    main.o(i.uesb_event_handler) refers to main.o(.data) for .data
    main.o(i.uesb_event_handler) refers to main.o(.bss) for .bss
    micro_esb.o(i.RADIO_IRQHandler) refers to micro_esb.o(.data) for .data
    micro_esb.o(i.initialize_fifos) refers to micro_esb.o(.bss) for .bss
    micro_esb.o(i.on_radio_disabled_esb_dpl_rx) refers to micro_esb.o(i.rx_fifo_push_rfbuf) for rx_fifo_push_rfbuf
    micro_esb.o(i.on_radio_disabled_esb_dpl_rx) refers to micro_esb.o(.data) for .data
    micro_esb.o(i.on_radio_disabled_esb_dpl_rx) refers to micro_esb.o(.bss) for .bss
    micro_esb.o(i.on_radio_disabled_esb_dpl_rx) refers to micro_esb.o(i.on_radio_disabled_esb_dpl_rx_ack) for on_radio_disabled_esb_dpl_rx_ack
    micro_esb.o(i.on_radio_disabled_esb_dpl_rx_ack) refers to micro_esb.o(.bss) for .bss
    micro_esb.o(i.on_radio_disabled_esb_dpl_rx_ack) refers to micro_esb.o(.data) for .data
    micro_esb.o(i.on_radio_disabled_esb_dpl_rx_ack) refers to micro_esb.o(i.on_radio_disabled_esb_dpl_rx) for on_radio_disabled_esb_dpl_rx
    micro_esb.o(i.on_radio_disabled_esb_dpl_tx) refers to micro_esb.o(.data) for .data
    micro_esb.o(i.on_radio_disabled_esb_dpl_tx) refers to micro_esb.o(.bss) for .bss
    micro_esb.o(i.on_radio_disabled_esb_dpl_tx) refers to micro_esb.o(i.on_radio_disabled_esb_dpl_tx_wait_for_ack) for on_radio_disabled_esb_dpl_tx_wait_for_ack
    micro_esb.o(i.on_radio_disabled_esb_dpl_tx_noack) refers to micro_esb.o(i.tx_fifo_remove_last) for tx_fifo_remove_last
    micro_esb.o(i.on_radio_disabled_esb_dpl_tx_noack) refers to micro_esb.o(.data) for .data
    micro_esb.o(i.on_radio_disabled_esb_dpl_tx_wait_for_ack) refers to micro_esb.o(i.tx_fifo_remove_last) for tx_fifo_remove_last
    micro_esb.o(i.on_radio_disabled_esb_dpl_tx_wait_for_ack) refers to micro_esb.o(i.rx_fifo_push_rfbuf) for rx_fifo_push_rfbuf
    micro_esb.o(i.on_radio_disabled_esb_dpl_tx_wait_for_ack) refers to micro_esb.o(.bss) for .bss
    micro_esb.o(i.on_radio_disabled_esb_dpl_tx_wait_for_ack) refers to micro_esb.o(.data) for .data
    micro_esb.o(i.on_radio_disabled_esb_dpl_tx_wait_for_ack) refers to micro_esb.o(i.on_radio_disabled_esb_dpl_tx) for on_radio_disabled_esb_dpl_tx
    micro_esb.o(i.on_radio_end_sb_rx) refers to micro_esb.o(i.rx_fifo_push_rfbuf) for rx_fifo_push_rfbuf
    micro_esb.o(i.on_radio_end_sb_rx) refers to micro_esb.o(.data) for .data
    micro_esb.o(i.on_radio_end_sb_tx) refers to micro_esb.o(i.tx_fifo_remove_last) for tx_fifo_remove_last
    micro_esb.o(i.on_radio_end_sb_tx) refers to memcpya.o(.text) for __aeabi_memcpy
    micro_esb.o(i.on_radio_end_sb_tx) refers to micro_esb.o(i.NVIC_EnableIRQ) for NVIC_EnableIRQ
    micro_esb.o(i.on_radio_end_sb_tx) refers to micro_esb.o(.data) for .data
    micro_esb.o(i.on_radio_end_sb_tx) refers to micro_esb.o(.bss) for .bss
    micro_esb.o(i.rx_fifo_push_rfbuf) refers to memcpya.o(.text) for __aeabi_memcpy
    micro_esb.o(i.rx_fifo_push_rfbuf) refers to micro_esb.o(.bss) for .bss
    micro_esb.o(i.start_tx_transaction) refers to memcpya.o(.text) for __aeabi_memcpy
    micro_esb.o(i.start_tx_transaction) refers to micro_esb.o(i.NVIC_EnableIRQ) for NVIC_EnableIRQ
    micro_esb.o(i.start_tx_transaction) refers to micro_esb.o(.data) for .data
    micro_esb.o(i.start_tx_transaction) refers to micro_esb.o(.bss) for .bss
    micro_esb.o(i.start_tx_transaction) refers to micro_esb.o(i.on_radio_disabled_esb_dpl_tx) for on_radio_disabled_esb_dpl_tx
    micro_esb.o(i.start_tx_transaction) refers to micro_esb.o(i.on_radio_disabled_esb_dpl_tx_noack) for on_radio_disabled_esb_dpl_tx_noack
    micro_esb.o(i.tx_fifo_remove_last) refers to micro_esb.o(i.NVIC_DisableIRQ) for NVIC_DisableIRQ
    micro_esb.o(i.tx_fifo_remove_last) refers to micro_esb.o(i.NVIC_EnableIRQ) for NVIC_EnableIRQ
    micro_esb.o(i.tx_fifo_remove_last) refers to micro_esb.o(.bss) for .bss
    micro_esb.o(i.uesb_disable) refers to micro_esb.o(.data) for .data
    micro_esb.o(i.uesb_flush_rx) refers to micro_esb.o(i.NVIC_DisableIRQ) for NVIC_DisableIRQ
    micro_esb.o(i.uesb_flush_rx) refers to micro_esb.o(i.NVIC_EnableIRQ) for NVIC_EnableIRQ
    micro_esb.o(i.uesb_flush_rx) refers to micro_esb.o(.bss) for .bss
    micro_esb.o(i.uesb_flush_tx) refers to micro_esb.o(i.NVIC_DisableIRQ) for NVIC_DisableIRQ
    micro_esb.o(i.uesb_flush_tx) refers to micro_esb.o(i.NVIC_EnableIRQ) for NVIC_EnableIRQ
    micro_esb.o(i.uesb_flush_tx) refers to micro_esb.o(.data) for .data
    micro_esb.o(i.uesb_flush_tx) refers to micro_esb.o(.bss) for .bss
    micro_esb.o(i.uesb_get_clear_interrupts) refers to micro_esb.o(i.NVIC_DisableIRQ) for NVIC_DisableIRQ
    micro_esb.o(i.uesb_get_clear_interrupts) refers to micro_esb.o(i.NVIC_EnableIRQ) for NVIC_EnableIRQ
    micro_esb.o(i.uesb_get_clear_interrupts) refers to micro_esb.o(.data) for .data
    micro_esb.o(i.uesb_get_tx_attempts) refers to micro_esb.o(.data) for .data
    micro_esb.o(i.uesb_init) refers to memcpya.o(.text) for __aeabi_memcpy4
    micro_esb.o(i.uesb_init) refers to micro_esb.o(i.update_radio_parameters) for update_radio_parameters
    micro_esb.o(i.uesb_init) refers to micro_esb.o(i.initialize_fifos) for initialize_fifos
    micro_esb.o(i.uesb_init) refers to micro_esb.o(.data) for .data
    micro_esb.o(i.uesb_init) refers to micro_esb.o(.bss) for .bss
    micro_esb.o(i.uesb_read_rx_payload) refers to micro_esb.o(i.NVIC_DisableIRQ) for NVIC_DisableIRQ
    micro_esb.o(i.uesb_read_rx_payload) refers to memcpya.o(.text) for __aeabi_memcpy
    micro_esb.o(i.uesb_read_rx_payload) refers to micro_esb.o(i.NVIC_EnableIRQ) for NVIC_EnableIRQ
    micro_esb.o(i.uesb_read_rx_payload) refers to micro_esb.o(.data) for .data
    micro_esb.o(i.uesb_read_rx_payload) refers to micro_esb.o(.bss) for .bss
    micro_esb.o(i.uesb_set_address) refers to micro_esb.o(i.__ARM_common_switch8) for __ARM_common_switch8
    micro_esb.o(i.uesb_set_address) refers to memcpya.o(.text) for __aeabi_memcpy
    micro_esb.o(i.uesb_set_address) refers to micro_esb.o(i.update_radio_parameters) for update_radio_parameters
    micro_esb.o(i.uesb_set_address) refers to micro_esb.o(.data) for .data
    micro_esb.o(i.uesb_set_address) refers to micro_esb.o(.bss) for .bss
    micro_esb.o(i.uesb_set_rf_channel) refers to micro_esb.o(.bss) for .bss
    micro_esb.o(i.uesb_set_tx_power) refers to micro_esb.o(i.update_radio_parameters) for update_radio_parameters
    micro_esb.o(i.uesb_set_tx_power) refers to micro_esb.o(.data) for .data
    micro_esb.o(i.uesb_set_tx_power) refers to micro_esb.o(.bss) for .bss
    micro_esb.o(i.uesb_start_rx) refers to micro_esb.o(i.NVIC_EnableIRQ) for NVIC_EnableIRQ
    micro_esb.o(i.uesb_start_rx) refers to micro_esb.o(.data) for .data
    micro_esb.o(i.uesb_start_rx) refers to micro_esb.o(i.on_radio_disabled_esb_dpl_rx) for on_radio_disabled_esb_dpl_rx
    micro_esb.o(i.uesb_start_rx) refers to micro_esb.o(.bss) for .bss
    micro_esb.o(i.uesb_start_tx) refers to micro_esb.o(i.start_tx_transaction) for start_tx_transaction
    micro_esb.o(i.uesb_start_tx) refers to micro_esb.o(.data) for .data
    micro_esb.o(i.uesb_start_tx) refers to micro_esb.o(.bss) for .bss
    micro_esb.o(i.uesb_stop_rx) refers to micro_esb.o(.data) for .data
    micro_esb.o(i.uesb_write_tx_payload) refers to micro_esb.o(i.write_tx_payload) for write_tx_payload
    micro_esb.o(i.uesb_write_tx_payload_noack) refers to micro_esb.o(i.write_tx_payload) for write_tx_payload
    micro_esb.o(i.uesb_write_tx_payload_noack) refers to micro_esb.o(.bss) for .bss
    micro_esb.o(i.update_radio_parameters) refers to micro_esb.o(i.bytewise_bit_swap) for bytewise_bit_swap
    micro_esb.o(i.update_radio_parameters) refers to uread4.o(.text) for __aeabi_uread4
    micro_esb.o(i.update_radio_parameters) refers to micro_esb.o(.bss) for .bss
    micro_esb.o(i.update_radio_parameters) refers to micro_esb.o(.data) for .data
    micro_esb.o(i.update_radio_parameters) refers to micro_esb.o(i.update_rf_payload_format_esb_dpl) for update_rf_payload_format_esb_dpl
    micro_esb.o(i.update_radio_parameters) refers to micro_esb.o(i.update_rf_payload_format_esb) for update_rf_payload_format_esb
    micro_esb.o(i.update_radio_parameters) refers to micro_esb.o(i.update_rf_payload_format_sb) for update_rf_payload_format_sb
    micro_esb.o(i.update_radio_parameters) refers to micro_esb.o(i.on_radio_end_sb_rx) for on_radio_end_sb_rx
    micro_esb.o(i.update_radio_parameters) refers to micro_esb.o(i.on_radio_end_sb_tx) for on_radio_end_sb_tx
    micro_esb.o(i.update_rf_payload_format_esb) refers to micro_esb.o(.bss) for .bss
    micro_esb.o(i.update_rf_payload_format_esb_dpl) refers to micro_esb.o(.bss) for .bss
    micro_esb.o(i.update_rf_payload_format_sb) refers to micro_esb.o(.bss) for .bss
    micro_esb.o(i.write_tx_payload) refers to micro_esb.o(i.NVIC_DisableIRQ) for NVIC_DisableIRQ
    micro_esb.o(i.write_tx_payload) refers to memcpya.o(.text) for __aeabi_memcpy
    micro_esb.o(i.write_tx_payload) refers to micro_esb.o(i.NVIC_EnableIRQ) for NVIC_EnableIRQ
    micro_esb.o(i.write_tx_payload) refers to micro_esb.o(i.start_tx_transaction) for start_tx_transaction
    micro_esb.o(i.write_tx_payload) refers to micro_esb.o(.data) for .data
    micro_esb.o(i.write_tx_payload) refers to micro_esb.o(.bss) for .bss
    twi_hw_master.o(i.twi_master_clear_bus) refers to twi_hw_master.o(.emb_text) for __asm___15_twi_hw_master_c_959ec897__nrf_delay_us
    twi_hw_master.o(i.twi_master_init) refers to twi_hw_master.o(i.twi_master_clear_bus) for twi_master_clear_bus
    twi_hw_master.o(i.twi_master_read) refers to twi_hw_master.o(.emb_text) for __asm___15_twi_hw_master_c_959ec897__nrf_delay_us
    twi_hw_master.o(i.twi_master_read) refers to twi_hw_master.o(i.twi_master_init) for twi_master_init
    twi_hw_master.o(i.twi_master_transfer) refers to twi_hw_master.o(i.twi_master_clear_bus) for twi_master_clear_bus
    twi_hw_master.o(i.twi_master_transfer) refers to twi_hw_master.o(i.twi_master_read) for twi_master_read
    twi_hw_master.o(i.twi_master_transfer) refers to twi_hw_master.o(i.twi_master_write) for twi_master_write
    twi_hw_master.o(i.twi_master_write) refers to twi_hw_master.o(.emb_text) for __asm___15_twi_hw_master_c_959ec897__nrf_delay_us
    twi_hw_master.o(i.twi_master_write) refers to twi_hw_master.o(i.twi_master_init) for twi_master_init
    arm_startup_nrf51.o(RESET) refers to arm_startup_nrf51.o(STACK) for __initial_sp
    arm_startup_nrf51.o(RESET) refers to arm_startup_nrf51.o(.text) for Reset_Handler
    arm_startup_nrf51.o(RESET) refers to micro_esb.o(i.RADIO_IRQHandler) for RADIO_IRQHandler
    arm_startup_nrf51.o(RESET) refers to main.o(i.GPIOTE_IRQHandler) for GPIOTE_IRQHandler
    arm_startup_nrf51.o(RESET) refers to main.o(i.RTC1_IRQHandler) for RTC1_IRQHandler
    arm_startup_nrf51.o(.text) refers to system_nrf51.o(i.SystemInit) for SystemInit
    arm_startup_nrf51.o(.text) refers to entry.o(.ARM.Collect$$$$00000000) for __main
    system_nrf51.o(i.SystemCoreClockUpdate) refers to system_nrf51.o(.data) for .data
    system_nrf51.o(i.SystemInit) refers to system_nrf51.o(i.is_manual_peripheral_setup_needed) for is_manual_peripheral_setup_needed
    nrf_delay.o(i.nrf_delay_ms) refers to nrf_delay.o(.emb_text) for __asm___11_nrf_delay_c_532987f3__nrf_delay_us
    entry.o(.ARM.Collect$$$$00000000) refers (Special) to entry10a.o(.ARM.Collect$$$$0000000D) for __rt_final_cpp
    entry.o(.ARM.Collect$$$$00000000) refers (Special) to entry11a.o(.ARM.Collect$$$$0000000F) for __rt_final_exit
    entry.o(.ARM.Collect$$$$00000000) refers (Special) to entry7b.o(.ARM.Collect$$$$00000008) for _main_clock
    entry.o(.ARM.Collect$$$$00000000) refers (Special) to entry8b.o(.ARM.Collect$$$$0000000A) for _main_cpp_init
    entry.o(.ARM.Collect$$$$00000000) refers (Special) to entry9a.o(.ARM.Collect$$$$0000000B) for _main_init
    entry.o(.ARM.Collect$$$$00000000) refers (Special) to entry5.o(.ARM.Collect$$$$00000004) for _main_scatterload
    entry.o(.ARM.Collect$$$$00000000) refers (Special) to entry2.o(.ARM.Collect$$$$00000001) for _main_stk
    entry2.o(.ARM.Collect$$$$00000001) refers to entry2.o(.ARM.Collect$$$$00002712) for __lit__00000000
    entry2.o(.ARM.Collect$$$$00002712) refers to arm_startup_nrf51.o(STACK) for __initial_sp
    entry2.o(__vectab_stack_and_reset_area) refers to arm_startup_nrf51.o(STACK) for __initial_sp
    entry2.o(__vectab_stack_and_reset_area) refers to entry.o(.ARM.Collect$$$$00000000) for __main
    entry5.o(.ARM.Collect$$$$00000004) refers to init.o(.text) for __scatterload
    entry9a.o(.ARM.Collect$$$$0000000B) refers to main.o(i.main) for main
    entry9b.o(.ARM.Collect$$$$0000000C) refers to main.o(i.main) for main
    init.o(.text) refers to entry5.o(.ARM.Collect$$$$00000004) for __main_after_scatterload


==============================================================================

Removing Unused input sections from the image.

    Removing main.o(.rev16_text), (4 bytes).
    Removing main.o(.revsh_text), (4 bytes).
    Removing main.o(.emb_text), (30 bytes).
    Removing main.o(.constdata), (4 bytes).
    Removing main.o(.constdata), (4 bytes).
    Removing main.o(.constdata), (4 bytes).
    Removing main.o(.constdata), (4 bytes).
    Removing main.o(.constdata), (4 bytes).
    Removing main.o(.constdata), (4 bytes).
    Removing main.o(.constdata), (4 bytes).
    Removing main.o(.constdata), (4 bytes).
    Removing main.o(.constdata), (4 bytes).
    Removing main.o(.constdata), (4 bytes).
    Removing main.o(.constdata), (4 bytes).
    Removing main.o(.constdata), (4 bytes).
    Removing main.o(.constdata), (4 bytes).
    Removing micro_esb.o(.rev16_text), (4 bytes).
    Removing micro_esb.o(.revsh_text), (4 bytes).
    Removing micro_esb.o(i.on_radio_disabled_esb_dpl_rx), (244 bytes).
    Removing micro_esb.o(i.on_radio_disabled_esb_dpl_rx_ack), (60 bytes).
    Removing micro_esb.o(i.uesb_disable), (36 bytes).
    Removing micro_esb.o(i.uesb_flush_rx), (32 bytes).
    Removing micro_esb.o(i.uesb_set_rf_channel), (24 bytes).
    Removing micro_esb.o(i.uesb_start_rx), (168 bytes).
    Removing micro_esb.o(i.uesb_start_tx), (48 bytes).
    Removing micro_esb.o(i.uesb_stop_rx), (72 bytes).
    Removing micro_esb.o(i.uesb_write_tx_payload_noack), (32 bytes).
    Removing twi_hw_master.o(.rev16_text), (4 bytes).
    Removing twi_hw_master.o(.revsh_text), (4 bytes).
    Removing arm_startup_nrf51.o(HEAP), (2048 bytes).
    Removing system_nrf51.o(.rev16_text), (4 bytes).
    Removing system_nrf51.o(.revsh_text), (4 bytes).
    Removing system_nrf51.o(i.SystemCoreClockUpdate), (16 bytes).
    Removing nrf_delay.o(.rev16_text), (4 bytes).
    Removing nrf_delay.o(.revsh_text), (4 bytes).

35 unused section(s) (total 2902 bytes) removed from the image.

==============================================================================

Image Symbol Table

    Local Symbols

    Symbol Name                              Value     Ov Type        Size  Object(Section)

    RESET                                    0x00000000   Section      192  arm_startup_nrf51.o(RESET)
    ../clib/microlib/init/entry.s            0x00000000   Number         0  entry2.o ABSOLUTE
    ../clib/microlib/init/entry.s            0x00000000   Number         0  entry5.o ABSOLUTE
    ../clib/microlib/init/entry.s            0x00000000   Number         0  entry7a.o ABSOLUTE
    ../clib/microlib/init/entry.s            0x00000000   Number         0  entry8a.o ABSOLUTE
    ../clib/microlib/init/entry.s            0x00000000   Number         0  entry9b.o ABSOLUTE
    ../clib/microlib/init/entry.s            0x00000000   Number         0  entry8b.o ABSOLUTE
    ../clib/microlib/init/entry.s            0x00000000   Number         0  entry11b.o ABSOLUTE
    ../clib/microlib/init/entry.s            0x00000000   Number         0  entry11a.o ABSOLUTE
    ../clib/microlib/init/entry.s            0x00000000   Number         0  entry10b.o ABSOLUTE
    ../clib/microlib/init/entry.s            0x00000000   Number         0  entry10a.o ABSOLUTE
    ../clib/microlib/init/entry.s            0x00000000   Number         0  entry7b.o ABSOLUTE
    ../clib/microlib/init/entry.s            0x00000000   Number         0  entry.o ABSOLUTE
    ../clib/microlib/init/entry.s            0x00000000   Number         0  entry9a.o ABSOLUTE
    ../clib/microlib/string/memcpy.c         0x00000000   Number         0  memcpyb.o ABSOLUTE
    ../clib/microlib/string/memcpy.c         0x00000000   Number         0  memcpya.o ABSOLUTE
    ../clib/microlib/unhosted.c              0x00000000   Number         0  uread4.o ABSOLUTE
    C:\Keil_v5\ARM\PACK\NordicSemiconductor\nRF_Drivers\4.0.0-2.alpha\delay\nrf_delay.c 0x00000000   Number         0  nrf_delay.o ABSOLUTE
    C:\\Keil_v5\\ARM\\PACK\\NordicSemiconductor\\nRF_Drivers\\4.0.0-2.alpha\\delay\\nrf_delay.c 0x00000000   Number         0  nrf_delay.o ABSOLUTE
    RTE\Device\nRF51822_xxAC\arm_startup_nrf51.s 0x00000000   Number         0  arm_startup_nrf51.o ABSOLUTE
    RTE\Device\nRF51822_xxAC\system_nrf51.c  0x00000000   Number         0  system_nrf51.o ABSOLUTE
    RTE\\Device\\nRF51822_xxAC\\system_nrf51.c 0x00000000   Number         0  system_nrf51.o ABSOLUTE
    dc.s                                     0x00000000   Number         0  dc.o ABSOLUTE
    handlers.s                               0x00000000   Number         0  handlers.o ABSOLUTE
    init.s                                   0x00000000   Number         0  init.o ABSOLUTE
    main.c                                   0x00000000   Number         0  main.o ABSOLUTE
    main.c                                   0x00000000   Number         0  main.o ABSOLUTE
    micro_esb.c                              0x00000000   Number         0  micro_esb.o ABSOLUTE
    micro_esb.c                              0x00000000   Number         0  micro_esb.o ABSOLUTE
    twi_hw_master.c                          0x00000000   Number         0  twi_hw_master.o ABSOLUTE
    twi_hw_master.c                          0x00000000   Number         0  twi_hw_master.o ABSOLUTE
    .ARM.Collect$$$$00000000                 0x000000c0   Section        0  entry.o(.ARM.Collect$$$$00000000)
    .ARM.Collect$$$$00000001                 0x000000c0   Section        4  entry2.o(.ARM.Collect$$$$00000001)
    .ARM.Collect$$$$00000004                 0x000000c4   Section        4  entry5.o(.ARM.Collect$$$$00000004)
    .ARM.Collect$$$$00000008                 0x000000c8   Section        0  entry7b.o(.ARM.Collect$$$$00000008)
    .ARM.Collect$$$$0000000A                 0x000000c8   Section        0  entry8b.o(.ARM.Collect$$$$0000000A)
    .ARM.Collect$$$$0000000B                 0x000000c8   Section        8  entry9a.o(.ARM.Collect$$$$0000000B)
    .ARM.Collect$$$$0000000D                 0x000000d0   Section        0  entry10a.o(.ARM.Collect$$$$0000000D)
    .ARM.Collect$$$$0000000F                 0x000000d0   Section        0  entry11a.o(.ARM.Collect$$$$0000000F)
    .ARM.Collect$$$$00002712                 0x000000d0   Section        4  entry2.o(.ARM.Collect$$$$00002712)
    __lit__00000000                          0x000000d0   Data           4  entry2.o(.ARM.Collect$$$$00002712)
    .emb_text                                0x000000d4   Section       30  twi_hw_master.o(.emb_text)
    .emb_text                                0x000000f4   Section       30  nrf_delay.o(.emb_text)
    .text                                    0x00000114   Section       56  arm_startup_nrf51.o(.text)
    .text                                    0x0000014c   Section        0  memcpya.o(.text)
    .text                                    0x00000170   Section        0  uread4.o(.text)
    .text                                    0x00000184   Section       36  init.o(.text)
    i.GPIOTE_IRQHandler                      0x000001a8   Section        0  main.o(i.GPIOTE_IRQHandler)
    i.NVIC_DisableIRQ                        0x000001c4   Section        0  micro_esb.o(i.NVIC_DisableIRQ)
    NVIC_DisableIRQ                          0x000001c5   Thumb Code    14  micro_esb.o(i.NVIC_DisableIRQ)
    i.NVIC_EnableIRQ                         0x000001d8   Section        0  micro_esb.o(i.NVIC_EnableIRQ)
    NVIC_EnableIRQ                           0x000001d9   Thumb Code    14  micro_esb.o(i.NVIC_EnableIRQ)
    i.RADIO_IRQHandler                       0x000001ec   Section        0  micro_esb.o(i.RADIO_IRQHandler)
    i.RTC1_IRQHandler                        0x00000240   Section        0  main.o(i.RTC1_IRQHandler)
    i.SystemInit                             0x00000264   Section        0  system_nrf51.o(i.SystemInit)
    i.__ARM_common_switch8                   0x000002b8   Section        0  micro_esb.o(i.__ARM_common_switch8)
    i.__scatterload_copy                     0x000002d2   Section       14  handlers.o(i.__scatterload_copy)
    i.__scatterload_null                     0x000002e0   Section        2  handlers.o(i.__scatterload_null)
    i.__scatterload_zeroinit                 0x000002e2   Section       14  handlers.o(i.__scatterload_zeroinit)
    i.bytewise_bit_swap                      0x000002f0   Section        0  micro_esb.o(i.bytewise_bit_swap)
    bytewise_bit_swap                        0x000002f1   Thumb Code    38  micro_esb.o(i.bytewise_bit_swap)
    i.initialize_fifos                       0x00000324   Section        0  micro_esb.o(i.initialize_fifos)
    initialize_fifos                         0x00000325   Thumb Code    64  micro_esb.o(i.initialize_fifos)
    i.is_manual_peripheral_setup_needed      0x00000370   Section        0  system_nrf51.o(i.is_manual_peripheral_setup_needed)
    is_manual_peripheral_setup_needed        0x00000371   Thumb Code    66  system_nrf51.o(i.is_manual_peripheral_setup_needed)
    i.main                                   0x000003b8   Section        0  main.o(i.main)
    i.nrf_delay_ms                           0x00000638   Section        0  nrf_delay.o(i.nrf_delay_ms)
    i.nrf_gpio_cfg                           0x00000654   Section        0  main.o(i.nrf_gpio_cfg)
    nrf_gpio_cfg                             0x00000655   Thumb Code    32  main.o(i.nrf_gpio_cfg)
    i.nrf_gpio_cfg_input                     0x00000678   Section        0  main.o(i.nrf_gpio_cfg_input)
    nrf_gpio_cfg_input                       0x00000679   Thumb Code    18  main.o(i.nrf_gpio_cfg_input)
    i.nrf_gpio_cfg_sense_input               0x0000068a   Section        0  main.o(i.nrf_gpio_cfg_sense_input)
    nrf_gpio_cfg_sense_input                 0x0000068b   Thumb Code    20  main.o(i.nrf_gpio_cfg_sense_input)
    i.on_radio_disabled_esb_dpl_tx           0x000006a0   Section        0  micro_esb.o(i.on_radio_disabled_esb_dpl_tx)
    on_radio_disabled_esb_dpl_tx             0x000006a1   Thumb Code    72  micro_esb.o(i.on_radio_disabled_esb_dpl_tx)
    i.on_radio_disabled_esb_dpl_tx_noack     0x00000710   Section        0  micro_esb.o(i.on_radio_disabled_esb_dpl_tx_noack)
    on_radio_disabled_esb_dpl_tx_noack       0x00000711   Thumb Code    28  micro_esb.o(i.on_radio_disabled_esb_dpl_tx_noack)
    i.on_radio_disabled_esb_dpl_tx_wait_for_ack 0x00000730   Section        0  micro_esb.o(i.on_radio_disabled_esb_dpl_tx_wait_for_ack)
    on_radio_disabled_esb_dpl_tx_wait_for_ack 0x00000731   Thumb Code   158  micro_esb.o(i.on_radio_disabled_esb_dpl_tx_wait_for_ack)
    i.on_radio_end_sb_rx                     0x000007f8   Section        0  micro_esb.o(i.on_radio_end_sb_rx)
    on_radio_end_sb_rx                       0x000007f9   Thumb Code    42  micro_esb.o(i.on_radio_end_sb_rx)
    i.on_radio_end_sb_tx                     0x0000082c   Section        0  micro_esb.o(i.on_radio_end_sb_tx)
    on_radio_end_sb_tx                       0x0000082d   Thumb Code   116  micro_esb.o(i.on_radio_end_sb_tx)
    i.rx_fifo_push_rfbuf                     0x000008c0   Section        0  micro_esb.o(i.rx_fifo_push_rfbuf)
    rx_fifo_push_rfbuf                       0x000008c1   Thumb Code   112  micro_esb.o(i.rx_fifo_push_rfbuf)
    i.start_tx_transaction                   0x0000093c   Section        0  micro_esb.o(i.start_tx_transaction)
    start_tx_transaction                     0x0000093d   Thumb Code   278  micro_esb.o(i.start_tx_transaction)
    i.twi_master_clear_bus                   0x00000a84   Section        0  twi_hw_master.o(i.twi_master_clear_bus)
    twi_master_clear_bus                     0x00000a85   Thumb Code   110  twi_hw_master.o(i.twi_master_clear_bus)
    i.twi_master_init                        0x00000b04   Section        0  twi_hw_master.o(i.twi_master_init)
    i.twi_master_read                        0x00000b58   Section        0  twi_hw_master.o(i.twi_master_read)
    twi_master_read                          0x00000b59   Thumb Code   174  twi_hw_master.o(i.twi_master_read)
    i.twi_master_transfer                    0x00000c1c   Section        0  twi_hw_master.o(i.twi_master_transfer)
    i.twi_master_write                       0x00000c5c   Section        0  twi_hw_master.o(i.twi_master_write)
    twi_master_write                         0x00000c5d   Thumb Code   138  twi_hw_master.o(i.twi_master_write)
    i.tx_fifo_remove_last                    0x00000cfc   Section        0  micro_esb.o(i.tx_fifo_remove_last)
    tx_fifo_remove_last                      0x00000cfd   Thumb Code    44  micro_esb.o(i.tx_fifo_remove_last)
    i.uesb_event_handler                     0x00000d2c   Section        0  main.o(i.uesb_event_handler)
    i.uesb_flush_tx                          0x00000dbc   Section        0  micro_esb.o(i.uesb_flush_tx)
    i.uesb_get_clear_interrupts              0x00000df0   Section        0  micro_esb.o(i.uesb_get_clear_interrupts)
    i.uesb_get_tx_attempts                   0x00000e14   Section        0  micro_esb.o(i.uesb_get_tx_attempts)
    i.uesb_init                              0x00000e30   Section        0  micro_esb.o(i.uesb_init)
    i.uesb_read_rx_payload                   0x00000ee0   Section        0  micro_esb.o(i.uesb_read_rx_payload)
    i.uesb_set_address                       0x00000f50   Section        0  micro_esb.o(i.uesb_set_address)
    i.uesb_set_tx_power                      0x00000fc0   Section        0  micro_esb.o(i.uesb_set_tx_power)
    i.uesb_write_tx_payload                  0x00000fec   Section        0  micro_esb.o(i.uesb_write_tx_payload)
    i.update_radio_parameters                0x00000ff8   Section        0  micro_esb.o(i.update_radio_parameters)
    update_radio_parameters                  0x00000ff9   Thumb Code   206  micro_esb.o(i.update_radio_parameters)
    i.update_rf_payload_format_esb           0x000010f0   Section        0  micro_esb.o(i.update_rf_payload_format_esb)
    update_rf_payload_format_esb             0x000010f1   Thumb Code    30  micro_esb.o(i.update_rf_payload_format_esb)
    i.update_rf_payload_format_esb_dpl       0x0000111c   Section        0  micro_esb.o(i.update_rf_payload_format_esb_dpl)
    update_rf_payload_format_esb_dpl         0x0000111d   Thumb Code    22  micro_esb.o(i.update_rf_payload_format_esb_dpl)
    i.update_rf_payload_format_sb            0x00001144   Section        0  micro_esb.o(i.update_rf_payload_format_sb)
    update_rf_payload_format_sb              0x00001145   Thumb Code    30  micro_esb.o(i.update_rf_payload_format_sb)
    i.write_tx_payload                       0x0000116c   Section        0  micro_esb.o(i.write_tx_payload)
    write_tx_payload                         0x0000116d   Thumb Code   122  micro_esb.o(i.write_tx_payload)
    .constdata                               0x000011f8   Section       44  main.o(.constdata)
    .data                                    0x20000000   Section       16  main.o(.data)
    rf_interrupts                            0x20000004   Data           4  main.o(.data)
    tx_attempts                              0x20000008   Data           4  main.o(.data)
    retries                                  0x2000000c   Data           4  main.o(.data)
    .data                                    0x20000010   Section       52  micro_esb.o(.data)
    m_last_rx_packet_pid                     0x20000010   Data           1  micro_esb.o(.data)
    m_uesb_mainstate                         0x20000011   Data           1  micro_esb.o(.data)
    ack                                      0x20000012   Data           1  micro_esb.o(.data)
    send_ack                                 0x20000013   Data           1  micro_esb.o(.data)
    set_rx_interrupt                         0x20000014   Data           1  micro_esb.o(.data)
    m_interrupt_flags                        0x20000018   Data           4  micro_esb.o(.data)
    m_pid                                    0x2000001c   Data           4  micro_esb.o(.data)
    m_last_rx_packet_crc                     0x20000020   Data           4  micro_esb.o(.data)
    on_radio_disabled                        0x20000024   Data           4  micro_esb.o(.data)
    on_radio_end                             0x20000028   Data           4  micro_esb.o(.data)
    update_rf_payload_format                 0x2000002c   Data           4  micro_esb.o(.data)
    m_event_handler                          0x20000030   Data           4  micro_esb.o(.data)
    m_retransmits_remaining                  0x20000034   Data           4  micro_esb.o(.data)
    m_last_tx_attempts                       0x20000038   Data           4  micro_esb.o(.data)
    m_wait_for_ack_timeout_us                0x2000003c   Data           4  micro_esb.o(.data)
    current_payload                          0x20000040   Data           4  micro_esb.o(.data)
    .data                                    0x20000044   Section        4  system_nrf51.o(.data)
    __tagsym$$used                           0x20000044   Number         0  system_nrf51.o(.data)
    .bss                                     0x20000048   Section       72  main.o(.bss)
    tx_payload                               0x20000048   Data          36  main.o(.bss)
    rx_payload                               0x2000006c   Data          36  main.o(.bss)
    .bss                                     0x20000090   Section      776  micro_esb.o(.bss)
    m_config_local                           0x20000090   Data          44  micro_esb.o(.bss)
    m_tx_fifo_payload                        0x200000bc   Data         288  micro_esb.o(.bss)
    m_tx_fifo                                0x200001dc   Data          44  micro_esb.o(.bss)
    m_rx_fifo_payload                        0x20000208   Data         288  micro_esb.o(.bss)
    m_rx_fifo                                0x20000328   Data          44  micro_esb.o(.bss)
    m_tx_payload_buffer                      0x20000354   Data          34  micro_esb.o(.bss)
    m_rx_payload_buffer                      0x20000376   Data          34  micro_esb.o(.bss)
    STACK                                    0x20000398   Section     2048  arm_startup_nrf51.o(STACK)

    Global Symbols

    Symbol Name                              Value     Ov Type        Size  Object(Section)

    BuildAttributes$$THM_ISAv3M$S$PE$A:L22$X:L11$S22$IEEE1$IW$USESV6$~STKCKD$USESV7$~SHL$OSPACE$EBA8$MICROLIB$REQ8$PRES8$EABIv2 0x00000000   Number         0  anon$$obj.o ABSOLUTE
    __ARM_use_no_argv                        0x00000000   Number         0  main.o ABSOLUTE
    __Vectors                                0x00000000   Data           4  arm_startup_nrf51.o(RESET)
    __cpp_initialize__aeabi_                  - Undefined Weak Reference
    __cxa_finalize                            - Undefined Weak Reference
    __decompress                              - Undefined Weak Reference
    _clock_init                               - Undefined Weak Reference
    _microlib_exit                            - Undefined Weak Reference
    __Vectors_End                            0x000000c0   Data           0  arm_startup_nrf51.o(RESET)
    __Vectors_Size                           0x000000c0   Number         0  arm_startup_nrf51.o ABSOLUTE
    __main                                   0x000000c1   Thumb Code     0  entry.o(.ARM.Collect$$$$00000000)
    _main_stk                                0x000000c1   Thumb Code     0  entry2.o(.ARM.Collect$$$$00000001)
    _main_scatterload                        0x000000c5   Thumb Code     0  entry5.o(.ARM.Collect$$$$00000004)
    __main_after_scatterload                 0x000000c9   Thumb Code     0  entry5.o(.ARM.Collect$$$$00000004)
    _main_clock                              0x000000c9   Thumb Code     0  entry7b.o(.ARM.Collect$$$$00000008)
    _main_cpp_init                           0x000000c9   Thumb Code     0  entry8b.o(.ARM.Collect$$$$0000000A)
    _main_init                               0x000000c9   Thumb Code     0  entry9a.o(.ARM.Collect$$$$0000000B)
    __rt_final_cpp                           0x000000d1   Thumb Code     0  entry10a.o(.ARM.Collect$$$$0000000D)
    __rt_final_exit                          0x000000d1   Thumb Code     0  entry11a.o(.ARM.Collect$$$$0000000F)
    __asm___15_twi_hw_master_c_959ec897__nrf_delay_us 0x000000d5   Thumb Code    30  twi_hw_master.o(.emb_text)
    __asm___11_nrf_delay_c_532987f3__nrf_delay_us 0x000000f5   Thumb Code    30  nrf_delay.o(.emb_text)
    Reset_Handler                            0x00000115   Thumb Code    26  arm_startup_nrf51.o(.text)
    NMI_Handler                              0x0000012f   Thumb Code     2  arm_startup_nrf51.o(.text)
    HardFault_Handler                        0x00000131   Thumb Code     2  arm_startup_nrf51.o(.text)
    SVC_Handler                              0x00000133   Thumb Code     2  arm_startup_nrf51.o(.text)
    PendSV_Handler                           0x00000135   Thumb Code     2  arm_startup_nrf51.o(.text)
    SysTick_Handler                          0x00000137   Thumb Code     2  arm_startup_nrf51.o(.text)
    ADC_IRQHandler                           0x00000139   Thumb Code     0  arm_startup_nrf51.o(.text)
    CCM_AAR_IRQHandler                       0x00000139   Thumb Code     0  arm_startup_nrf51.o(.text)
    ECB_IRQHandler                           0x00000139   Thumb Code     0  arm_startup_nrf51.o(.text)
    LPCOMP_IRQHandler                        0x00000139   Thumb Code     0  arm_startup_nrf51.o(.text)
    POWER_CLOCK_IRQHandler                   0x00000139   Thumb Code     0  arm_startup_nrf51.o(.text)
    QDEC_IRQHandler                          0x00000139   Thumb Code     0  arm_startup_nrf51.o(.text)
    RNG_IRQHandler                           0x00000139   Thumb Code     0  arm_startup_nrf51.o(.text)
    RTC0_IRQHandler                          0x00000139   Thumb Code     0  arm_startup_nrf51.o(.text)
    SPI0_TWI0_IRQHandler                     0x00000139   Thumb Code     0  arm_startup_nrf51.o(.text)
    SPI1_TWI1_IRQHandler                     0x00000139   Thumb Code     0  arm_startup_nrf51.o(.text)
    SWI0_IRQHandler                          0x00000139   Thumb Code     0  arm_startup_nrf51.o(.text)
    SWI1_IRQHandler                          0x00000139   Thumb Code     0  arm_startup_nrf51.o(.text)
    SWI2_IRQHandler                          0x00000139   Thumb Code     0  arm_startup_nrf51.o(.text)
    SWI3_IRQHandler                          0x00000139   Thumb Code     0  arm_startup_nrf51.o(.text)
    SWI4_IRQHandler                          0x00000139   Thumb Code     0  arm_startup_nrf51.o(.text)
    SWI5_IRQHandler                          0x00000139   Thumb Code     0  arm_startup_nrf51.o(.text)
    TEMP_IRQHandler                          0x00000139   Thumb Code     0  arm_startup_nrf51.o(.text)
    TIMER0_IRQHandler                        0x00000139   Thumb Code     0  arm_startup_nrf51.o(.text)
    TIMER1_IRQHandler                        0x00000139   Thumb Code     0  arm_startup_nrf51.o(.text)
    TIMER2_IRQHandler                        0x00000139   Thumb Code     0  arm_startup_nrf51.o(.text)
    UART0_IRQHandler                         0x00000139   Thumb Code     0  arm_startup_nrf51.o(.text)
    WDT_IRQHandler                           0x00000139   Thumb Code     0  arm_startup_nrf51.o(.text)
    __aeabi_memcpy                           0x0000014d   Thumb Code    36  memcpya.o(.text)
    __aeabi_memcpy4                          0x0000014d   Thumb Code     0  memcpya.o(.text)
    __aeabi_memcpy8                          0x0000014d   Thumb Code     0  memcpya.o(.text)
    __aeabi_uread4                           0x00000171   Thumb Code    20  uread4.o(.text)
    __rt_uread4                              0x00000171   Thumb Code     0  uread4.o(.text)
    _uread4                                  0x00000171   Thumb Code     0  uread4.o(.text)
    __scatterload                            0x00000185   Thumb Code    28  init.o(.text)
    __scatterload_rt2                        0x00000185   Thumb Code     0  init.o(.text)
    GPIOTE_IRQHandler                        0x000001a9   Thumb Code    20  main.o(i.GPIOTE_IRQHandler)
    RADIO_IRQHandler                         0x000001ed   Thumb Code    70  micro_esb.o(i.RADIO_IRQHandler)
    RTC1_IRQHandler                          0x00000241   Thumb Code    24  main.o(i.RTC1_IRQHandler)
    SystemInit                               0x00000265   Thumb Code    64  system_nrf51.o(i.SystemInit)
    __ARM_common_switch8                     0x000002b9   Thumb Code    26  micro_esb.o(i.__ARM_common_switch8)
    __scatterload_copy                       0x000002d3   Thumb Code    14  handlers.o(i.__scatterload_copy)
    __scatterload_null                       0x000002e1   Thumb Code     2  handlers.o(i.__scatterload_null)
    __scatterload_zeroinit                   0x000002e3   Thumb Code    14  handlers.o(i.__scatterload_zeroinit)
    main                                     0x000003b9   Thumb Code   558  main.o(i.main)
    nrf_delay_ms                             0x00000639   Thumb Code    24  nrf_delay.o(i.nrf_delay_ms)
    twi_master_init                          0x00000b05   Thumb Code    62  twi_hw_master.o(i.twi_master_init)
    twi_master_transfer                      0x00000c1d   Thumb Code    58  twi_hw_master.o(i.twi_master_transfer)
    uesb_event_handler                       0x00000d2d   Thumb Code   130  main.o(i.uesb_event_handler)
    uesb_flush_tx                            0x00000dbd   Thumb Code    42  micro_esb.o(i.uesb_flush_tx)
    uesb_get_clear_interrupts                0x00000df1   Thumb Code    30  micro_esb.o(i.uesb_get_clear_interrupts)
    uesb_get_tx_attempts                     0x00000e15   Thumb Code    22  micro_esb.o(i.uesb_get_tx_attempts)
    uesb_init                                0x00000e31   Thumb Code   136  micro_esb.o(i.uesb_init)
    uesb_read_rx_payload                     0x00000ee1   Thumb Code    98  micro_esb.o(i.uesb_read_rx_payload)
    uesb_set_address                         0x00000f51   Thumb Code   104  micro_esb.o(i.uesb_set_address)
    uesb_set_tx_power                        0x00000fc1   Thumb Code    34  micro_esb.o(i.uesb_set_tx_power)
    uesb_write_tx_payload                    0x00000fed   Thumb Code    10  micro_esb.o(i.uesb_write_tx_payload)
    Region$$Table$$Base                      0x00001224   Number         0  anon$$obj.o(Region$$Table)
    Region$$Table$$Limit                     0x00001244   Number         0  anon$$obj.o(Region$$Table)
    ackd                                     0x20000000   Data           1  main.o(.data)
    awake                                    0x20000001   Data           1  main.o(.data)
    SystemCoreClock                          0x20000044   Data           4  system_nrf51.o(.data)
    __initial_sp                             0x20000b98   Data           0  arm_startup_nrf51.o(STACK)



==============================================================================

Memory Map of the image

  Image Entry point : 0x000000c1

  Load Region LR_IROM1 (Base: 0x00000000, Size: 0x0000128c, Max: 0x00040000, ABSOLUTE)

    Execution Region ER_IROM1 (Base: 0x00000000, Size: 0x00001244, Max: 0x00040000, ABSOLUTE)

    Base Addr    Size         Type   Attr      Idx    E Section Name        Object

    0x00000000   0x000000c0   Data   RO          407    RESET               arm_startup_nrf51.o
    0x000000c0   0x00000000   Code   RO          476  * .ARM.Collect$$$$00000000  mc_p.l(entry.o)
    0x000000c0   0x00000004   Code   RO          485    .ARM.Collect$$$$00000001  mc_p.l(entry2.o)
    0x000000c4   0x00000004   Code   RO          488    .ARM.Collect$$$$00000004  mc_p.l(entry5.o)
    0x000000c8   0x00000000   Code   RO          490    .ARM.Collect$$$$00000008  mc_p.l(entry7b.o)
    0x000000c8   0x00000000   Code   RO          492    .ARM.Collect$$$$0000000A  mc_p.l(entry8b.o)
    0x000000c8   0x00000008   Code   RO          493    .ARM.Collect$$$$0000000B  mc_p.l(entry9a.o)
    0x000000d0   0x00000000   Code   RO          495    .ARM.Collect$$$$0000000D  mc_p.l(entry10a.o)
    0x000000d0   0x00000000   Code   RO          497    .ARM.Collect$$$$0000000F  mc_p.l(entry11a.o)
    0x000000d0   0x00000004   Code   RO          486    .ARM.Collect$$$$00002712  mc_p.l(entry2.o)
    0x000000d4   0x0000001e   Code   RO          356    .emb_text           twi_hw_master.o
    0x000000f2   0x00000002   PAD
    0x000000f4   0x0000001e   Code   RO          451    .emb_text           nrf_delay.o
    0x00000112   0x00000002   PAD
    0x00000114   0x00000038   Code   RO          408    .text               arm_startup_nrf51.o
    0x0000014c   0x00000024   Code   RO          479    .text               mc_p.l(memcpya.o)
    0x00000170   0x00000014   Code   RO          483    .text               mc_p.l(uread4.o)
    0x00000184   0x00000024   Code   RO          499    .text               mc_p.l(init.o)
    0x000001a8   0x0000001c   Code   RO            4    i.GPIOTE_IRQHandler  main.o
    0x000001c4   0x00000014   Code   RO          137    i.NVIC_DisableIRQ   micro_esb.o
    0x000001d8   0x00000014   Code   RO          138    i.NVIC_EnableIRQ    micro_esb.o
    0x000001ec   0x00000054   Code   RO          139    i.RADIO_IRQHandler  micro_esb.o
    0x00000240   0x00000024   Code   RO            5    i.RTC1_IRQHandler   main.o
    0x00000264   0x00000054   Code   RO          415    i.SystemInit        system_nrf51.o
    0x000002b8   0x0000001a   Code   RO          340    i.__ARM_common_switch8  micro_esb.o
    0x000002d2   0x0000000e   Code   RO          503    i.__scatterload_copy  mc_p.l(handlers.o)
    0x000002e0   0x00000002   Code   RO          504    i.__scatterload_null  mc_p.l(handlers.o)
    0x000002e2   0x0000000e   Code   RO          505    i.__scatterload_zeroinit  mc_p.l(handlers.o)
    0x000002f0   0x00000034   Code   RO          140    i.bytewise_bit_swap  micro_esb.o
    0x00000324   0x0000004c   Code   RO          141    i.initialize_fifos  micro_esb.o
    0x00000370   0x00000048   Code   RO          416    i.is_manual_peripheral_setup_needed  system_nrf51.o
    0x000003b8   0x00000280   Code   RO            6    i.main              main.o
    0x00000638   0x0000001c   Code   RO          452    i.nrf_delay_ms      nrf_delay.o
    0x00000654   0x00000024   Code   RO            7    i.nrf_gpio_cfg      main.o
    0x00000678   0x00000012   Code   RO            8    i.nrf_gpio_cfg_input  main.o
    0x0000068a   0x00000014   Code   RO            9    i.nrf_gpio_cfg_sense_input  main.o
    0x0000069e   0x00000002   PAD
    0x000006a0   0x00000070   Code   RO          144    i.on_radio_disabled_esb_dpl_tx  micro_esb.o
    0x00000710   0x00000020   Code   RO          145    i.on_radio_disabled_esb_dpl_tx_noack  micro_esb.o
    0x00000730   0x000000c8   Code   RO          146    i.on_radio_disabled_esb_dpl_tx_wait_for_ack  micro_esb.o
    0x000007f8   0x00000034   Code   RO          147    i.on_radio_end_sb_rx  micro_esb.o
    0x0000082c   0x00000094   Code   RO          148    i.on_radio_end_sb_tx  micro_esb.o
    0x000008c0   0x0000007c   Code   RO          149    i.rx_fifo_push_rfbuf  micro_esb.o
    0x0000093c   0x00000148   Code   RO          150    i.start_tx_transaction  micro_esb.o
    0x00000a84   0x00000080   Code   RO          357    i.twi_master_clear_bus  twi_hw_master.o
    0x00000b04   0x00000054   Code   RO          358    i.twi_master_init   twi_hw_master.o
    0x00000b58   0x000000c4   Code   RO          359    i.twi_master_read   twi_hw_master.o
    0x00000c1c   0x00000040   Code   RO          360    i.twi_master_transfer  twi_hw_master.o
    0x00000c5c   0x000000a0   Code   RO          361    i.twi_master_write  twi_hw_master.o
    0x00000cfc   0x00000030   Code   RO          151    i.tx_fifo_remove_last  micro_esb.o
    0x00000d2c   0x00000090   Code   RO           10    i.uesb_event_handler  main.o
    0x00000dbc   0x00000034   Code   RO          154    i.uesb_flush_tx     micro_esb.o
    0x00000df0   0x00000024   Code   RO          155    i.uesb_get_clear_interrupts  micro_esb.o
    0x00000e14   0x0000001c   Code   RO          156    i.uesb_get_tx_attempts  micro_esb.o
    0x00000e30   0x000000b0   Code   RO          157    i.uesb_init         micro_esb.o
    0x00000ee0   0x00000070   Code   RO          158    i.uesb_read_rx_payload  micro_esb.o
    0x00000f50   0x00000070   Code   RO          159    i.uesb_set_address  micro_esb.o
    0x00000fc0   0x0000002c   Code   RO          161    i.uesb_set_tx_power  micro_esb.o
    0x00000fec   0x0000000a   Code   RO          165    i.uesb_write_tx_payload  micro_esb.o
    0x00000ff6   0x00000002   PAD
    0x00000ff8   0x000000f8   Code   RO          167    i.update_radio_parameters  micro_esb.o
    0x000010f0   0x0000002c   Code   RO          168    i.update_rf_payload_format_esb  micro_esb.o
    0x0000111c   0x00000028   Code   RO          169    i.update_rf_payload_format_esb_dpl  micro_esb.o
    0x00001144   0x00000028   Code   RO          170    i.update_rf_payload_format_sb  micro_esb.o
    0x0000116c   0x0000008c   Code   RO          171    i.write_tx_payload  micro_esb.o
    0x000011f8   0x0000002c   Data   RO           25    .constdata          main.o
    0x00001224   0x00000020   Data   RO          501    Region$$Table       anon$$obj.o


    Execution Region RW_IRAM1 (Base: 0x20000000, Size: 0x00000b98, Max: 0x00008000, ABSOLUTE)

    Base Addr    Size         Type   Attr      Idx    E Section Name        Object

    0x20000000   0x00000010   Data   RW           26    .data               main.o
    0x20000010   0x00000034   Data   RW          173    .data               micro_esb.o
    0x20000044   0x00000004   Data   RW          417    .data               system_nrf51.o
    0x20000048   0x00000048   Zero   RW           11    .bss                main.o
    0x20000090   0x00000308   Zero   RW          172    .bss                micro_esb.o
    0x20000398   0x00000800   Zero   RW          405    STACK               arm_startup_nrf51.o


==============================================================================

Image component sizes


      Code (inc. data)   RO Data    RW Data    ZI Data      Debug   Object Name

        56         18        192          0       2048        628   arm_startup_nrf51.o
       922        120         44         16         72      39612   main.o
      2404        452          0         52        776      21868   micro_esb.o
        58          4          0          0          0       1627   nrf_delay.o
       156         26          0          4          0       1839   system_nrf51.o
       662         90          0          0          0       4716   twi_hw_master.o

    ----------------------------------------------------------------------
      4266        710        268         72       2896      70290   Object Totals
         0          0         32          0          0          0   (incl. Generated)
         8          0          0          0          0          0   (incl. Padding)

    ----------------------------------------------------------------------

      Code (inc. data)   RO Data    RW Data    ZI Data      Debug   Library Member Name

         0          0          0          0          0          0   entry.o
         0          0          0          0          0          0   entry10a.o
         0          0          0          0          0          0   entry11a.o
         8          4          0          0          0          0   entry2.o
         4          0          0          0          0          0   entry5.o
         0          0          0          0          0          0   entry7b.o
         0          0          0          0          0          0   entry8b.o
         8          4          0          0          0          0   entry9a.o
        30          0          0          0          0          0   handlers.o
        36          8          0          0          0         68   init.o
        36          0          0          0          0         60   memcpya.o
        20          0          0          0          0         60   uread4.o

    ----------------------------------------------------------------------
       142         16          0          0          0        188   Library Totals
         0          0          0          0          0          0   (incl. Padding)

    ----------------------------------------------------------------------

      Code (inc. data)   RO Data    RW Data    ZI Data      Debug   Library Name

       142         16          0          0          0        188   mc_p.l

    ----------------------------------------------------------------------
       142         16          0          0          0        188   Library Totals

    ----------------------------------------------------------------------

==============================================================================


      Code (inc. data)   RO Data    RW Data    ZI Data      Debug   

      4408        726        268         72       2896      68766   Grand Totals
      4408        726        268         72       2896      68766   ELF Image Totals
      4408        726        268         72          0          0   ROM Totals

==============================================================================

    Total RO  Size (Code + RO Data)                 4676 (   4.57kB)
    Total RW  Size (RW Data + ZI Data)              2968 (   2.90kB)
    Total ROM Size (Code + RO Data + RW Data)       4748 (   4.64kB)

==============================================================================

